// Jest Snapshot v1, https://goo.gl/fbAQLP

exports[`should render MenuContainer component 1`] = `ShallowWrapper {}`;
